current directory: /Users/bhagirathsuthar/Documents/projects/SaralGeeta/vendor/bundle/ruby/3.3.0/gems/json-2.16.0/ext/json/ext/parser
/Users/bhagirathsuthar/.rbenv/versions/3.3.0/bin/ruby extconf.rb
checking for rb_enc_interned_str() in ruby/encoding.h... yes
checking for rb_str_to_interned_str() in ruby.h... yes
checking for rb_hash_new_capa() in ruby.h... yes
checking for rb_hash_bulk_insert() in ruby.h... yes
checking for strnlen() in string.h... yes
checking for whether -std=c99 is accepted as CFLAGS... yes
checking for arm_neon.h... yes
checking for cpuid.h... no
creating Makefile

current directory: /Users/bhagirathsuthar/Documents/projects/SaralGeeta/vendor/bundle/ruby/3.3.0/gems/json-2.16.0/ext/json/ext/parser
make DESTDIR\= sitearchdir\=./.gem.20251112-50425-darstg sitelibdir\=./.gem.20251112-50425-darstg clean

current directory: /Users/bhagirathsuthar/Documents/projects/SaralGeeta/vendor/bundle/ruby/3.3.0/gems/json-2.16.0/ext/json/ext/parser
make DESTDIR\= sitearchdir\=./.gem.20251112-50425-darstg sitelibdir\=./.gem.20251112-50425-darstg
compiling parser.c
linking shared-object json/ext/parser.bundle

current directory: /Users/bhagirathsuthar/Documents/projects/SaralGeeta/vendor/bundle/ruby/3.3.0/gems/json-2.16.0/ext/json/ext/parser
make DESTDIR\= sitearchdir\=./.gem.20251112-50425-darstg sitelibdir\=./.gem.20251112-50425-darstg install
/usr/bin/install -c -m 0755 parser.bundle ./.gem.20251112-50425-darstg/json/ext

current directory: /Users/bhagirathsuthar/Documents/projects/SaralGeeta/vendor/bundle/ruby/3.3.0/gems/json-2.16.0/ext/json/ext/parser
make DESTDIR\= sitearchdir\=./.gem.20251112-50425-darstg sitelibdir\=./.gem.20251112-50425-darstg clean
